{
  "description": "Golden test fixture for edge case: campaign with zero conversions",
  "test_case": "Zero-guard validation",
  "account_id": "1234567890",
  "raw_api_response": [
    {
      "customer_id": "1234567890",
      "campaign_id": "1111111111",
      "campaign_name": "New Campaign - No Conversions",
      "date": "2025-09-30",
      "cost_micros": "50000000",
      "impressions": "10000",
      "clicks": "100",
      "conversions": "0",
      "conversions_value": "0",
      "currency_code": "USD"
    },
    {
      "customer_id": "1234567890",
      "campaign_id": "2222222222",
      "campaign_name": "Paused Campaign - No Activity",
      "date": "2025-09-30",
      "cost_micros": "0",
      "impressions": "0",
      "clicks": "0",
      "conversions": "0",
      "conversions_value": "0",
      "currency_code": "USD"
    }
  ],
  "expected_normalized": [
    {
      "platform": "google_ads",
      "account_id": "1234567890",
      "account_name": "Test Account",
      "date": "2025-09-30",
      "campaign_id": "1111111111",
      "campaign_name": "New Campaign - No Conversions",
      "adset_id": null,
      "adset_name": null,
      "ad_id": null,
      "ad_name": null,
      "spend": 50.00,
      "impressions": 10000,
      "clicks": 100,
      "conversions": 0,
      "conversion_value": 0,
      "currency": "USD",
      "ctr": 0.01,
      "cpc": 0.50,
      "cpm": 5.00,
      "cpa": 0,
      "roas": 0,
      "attribution_model": null,
      "attribution_window": null
    },
    {
      "platform": "google_ads",
      "account_id": "1234567890",
      "account_name": "Test Account",
      "date": "2025-09-30",
      "campaign_id": "2222222222",
      "campaign_name": "Paused Campaign - No Activity",
      "adset_id": null,
      "adset_name": null,
      "ad_id": null,
      "ad_name": null,
      "spend": 0,
      "impressions": 0,
      "clicks": 0,
      "conversions": 0,
      "conversion_value": 0,
      "currency": "USD",
      "ctr": 0,
      "cpc": 0,
      "cpm": 0,
      "cpa": 0,
      "roas": 0,
      "attribution_model": null,
      "attribution_window": null
    }
  ],
  "notes": "Tests zero-division guards per SPEC.md requirements"
}
